// Jest Snapshot v1, https://goo.gl/fbAQLP

exports[`ForecastSummary renders correctly 1`] = `
<DocumentFragment>
  <h2>
    <div
      class="date"
      data-testid="date-id"
    >
      <span>
        mockDate
      </span>
    </div>
    <div
      class="temperature"
      data-testid="temperature-id"
    >
      <span>
        mockTemperature
      </span>
    </div>
    <div
      class="description"
      data-testid="description-id"
    >
      <span>
        mockDescription
      </span>
    </div>
    <div
      class="icon"
      data-testid="icon-id"
    >
      <span>
          
        <i
          class="wi wi-day-storm-showers"
          name="owm"
        />
         
      </span>
    </div>
    <button
      value="mockDate"
    >
      More Details
    </button>
  </h2>
</DocumentFragment>
`;
